
> application@0.1.0 build
> next build

 ΓÜá Invalid next.config.ts options detected: 
 ΓÜá     Unrecognized key(s) in object: 'appDir' at "experimental"
 ΓÜá See more info here: https://nextjs.org/docs/messages/invalid-next-config
   Γû▓ Next.js 15.1.7
   - Environments: .env.local

   Creating an optimized production build ...
 Γ£ô Compiled successfully
   Linting and checking validity of types ...
Failed to compile.

.next/types/app/document-viewer/[token]/page.ts:34:29
Type error: Type '{ params: { token: string; }; }' does not satisfy the constraint 'PageProps'.
  Types of property 'params' are incompatible.
    Type '{ token: string; }' is missing the following properties from type 'Promise<any>': then, catch, finally, [Symbol.toStringTag]

  32 |
  33 | // Check the prop type of the entry function
> 34 | checkFields<Diff<PageProps, FirstArg<TEntry['default']>, 'default'>>()
     |                             ^
  35 |
  36 | // Check the arguments and return type of the generateMetadata function
  37 | if ('generateMetadata' in entry) {
Next.js build worker exited with code: 1 and signal: null
